// Jest Snapshot v1, https://goo.gl/fbAQLP

exports[`Dropdown Rendering Re-Renders after Prop Update 1`] = `"<div class=\\"webix_el_box\\" style=\\"width:100px; height:40px\\"><input role=\\"combobox\\" placeholder=\\"placeholder text\\" id=\\"1546322400159\\" type=\\"combo\\" value=\\"c\\" style=\\"width: 96px; text-align: left;\\" aria-autocomplete=\\"list\\" aria-expanded=\\"false\\"><span style=\\"height:27px;padding-top:7px;\\" class=\\"webix_input_icon wxi-angle-down\\"></span></div>"`;

exports[`Dropdown Rendering Re-Renders after Prop Update 2`] = `"<div class=\\"webix_win_content\\" style=\\"padding: 0px;\\"><div class=\\"webix_win_head\\" style=\\"display: none;\\"></div><div class=\\"webix_win_body\\"><div class=\\"webix_view webix_list\\" role=\\"listbox\\" style=\\"overflow-y: hidden; width: 300px; height: 108px;\\" view_id=\\"$suggest4_list\\"><div class=\\"webix_scroll_cont\\"><div webix_l_id=\\"a\\" class=\\"webix_list_item\\" style=\\"width:auto; height:36px; overflow:hidden;\\" role=\\"option\\" tabindex=\\"0\\">a</div><div webix_l_id=\\"b\\" class=\\"webix_list_item\\" style=\\"width:auto; height:36px; overflow:hidden;\\" role=\\"option\\" tabindex=\\"-1\\">b</div><div webix_l_id=\\"c\\" class=\\"webix_list_item\\" style=\\"width:auto; height:36px; overflow:hidden;\\" role=\\"option\\" tabindex=\\"-1\\">c</div></div></div></div></div>"`;

exports[`Dropdown Rendering Webix OK 1`] = `"<div class=\\"webix_el_box\\" style=\\"width:100px; height:40px\\"><input role=\\"combobox\\" placeholder=\\"placeholder text\\" id=\\"1546322400083\\" type=\\"combo\\" value=\\"item3\\" style=\\"width: 96px; text-align: left;\\" aria-autocomplete=\\"list\\" aria-expanded=\\"false\\"><span style=\\"height:27px;padding-top:7px;\\" class=\\"webix_input_icon wxi-angle-down\\"></span></div>"`;

exports[`Dropdown Rendering Webix OK 2`] = `"<div class=\\"webix_win_content\\" style=\\"padding: 0px;\\"><div class=\\"webix_win_head\\" style=\\"display: none;\\"></div><div class=\\"webix_win_body\\"><div class=\\"webix_view webix_list\\" role=\\"listbox\\" style=\\"overflow-y: hidden; width: 300px; height: 144px;\\" view_id=\\"$suggest2_list\\"><div class=\\"webix_scroll_cont\\"><div webix_l_id=\\"item1\\" class=\\"webix_list_item\\" style=\\"width:auto; height:36px; overflow:hidden;\\" role=\\"option\\" tabindex=\\"0\\">item1</div><div webix_l_id=\\"item2\\" class=\\"webix_list_item\\" style=\\"width:auto; height:36px; overflow:hidden;\\" role=\\"option\\" tabindex=\\"-1\\">item2</div><div webix_l_id=\\"item3\\" class=\\"webix_list_item\\" style=\\"width:auto; height:36px; overflow:hidden;\\" role=\\"option\\" tabindex=\\"-1\\">item3</div><div webix_l_id=\\"item4\\" class=\\"webix_list_item\\" style=\\"width:auto; height:36px; overflow:hidden;\\" role=\\"option\\" tabindex=\\"-1\\">item4</div></div></div></div></div>"`;
