// Jest Snapshot v1, https://goo.gl/fbAQLP

exports[`PadsList Rendering Webix OK 1`] = `"<div class=\\"webix_ss_header\\" style=\\"height: 43px;\\"><div class=\\"webix_hs_left\\"></div><div class=\\"webix_hs_center\\"><table role=\\"presentation\\" style=\\"width:730px\\" cellspacing=\\"0\\" cellpadding=\\"0\\"><tbody><tr class=\\"webix_size_row\\"><td style=\\"width:100px;\\"></td><td style=\\"width:170px;\\"></td><td style=\\"width:240px;\\"></td><td style=\\"width:220px;\\"></td></tr><tr section=\\"header\\" role=\\"row\\"><td role=\\"presentation\\" column=\\"0\\" class=\\"webix_first webix_last_row\\"><div role=\\"columnheader\\" class=\\"webix_hcell sortable-column-header\\">Name</div></td><td role=\\"presentation\\" column=\\"1\\" class=\\" webix_last_row\\"><div role=\\"columnheader\\" class=\\"webix_hcell sortable-column-header\\">Modified Date</div></td><td role=\\"presentation\\" column=\\"2\\" class=\\" webix_last_row\\"><div role=\\"columnheader\\" class=\\"webix_hcell sortable-column-header\\">Type</div></td><td role=\\"presentation\\" column=\\"3\\" class=\\" webix_last webix_last_row\\"><div role=\\"columnheader\\" class=\\"webix_hcell actions-column-header\\">Actions</div></td></tr></tbody></table></div><div class=\\"webix_hs_right\\"></div></div><div class=\\"webix_ss_body\\"><div class=\\"webix_ss_left\\" style=\\"height: 657px;\\"><div class=\\"webix_ss_center_scroll\\" style=\\"height: 657px;\\"></div></div><div class=\\"webix_ss_center\\" style=\\"height: 657px;\\"><div class=\\"webix_ss_center_scroll\\" role=\\"rowgroup\\" style=\\"height: 657px;\\"></div></div><div class=\\"webix_ss_right\\" style=\\"height: 657px;\\"><div class=\\"webix_ss_center_scroll\\" style=\\"height: 657px;\\"></div></div></div><div class=\\"webix_ss_hscroll webix_vscroll_x\\" role=\\"scrollbar\\" aria-orientation=\\"horizontal\\"><div class=\\"webix_vscroll_body\\" style=\\"width: 730px;\\"></div></div><div class=\\"webix_ss_footer\\"><div class=\\"webix_hs_left\\"></div><div class=\\"webix_hs_center\\"></div><div class=\\"webix_hs_right\\"></div></div><div class=\\"webix_ss_vscroll_header\\" style=\\"height: 42px; width: 16px;\\"></div><div class=\\"webix_ss_vscroll webix_vscroll_y\\" role=\\"scrollbar\\" aria-orientation=\\"vertical\\" style=\\"display: block; margin-top: 43px; height: 657px; width: 17px;\\"><div class=\\"webix_vscroll_body\\" style=\\"height: 300px;\\"></div></div><div class=\\"webix_ss_vscroll_footer\\"></div>"`;

exports[`PadsList Rendering renders Webix pageDropdown 1`] = `"<div class=\\"webix_el_box\\" style=\\"width:80px; height:40px\\"><input role=\\"combobox\\" placeholder=\\"10\\" id=\\"1546322400090\\" type=\\"combo\\" value=\\"\\" style=\\"width: 76px; text-align: left;\\" aria-autocomplete=\\"list\\" aria-expanded=\\"false\\"><span style=\\"height:27px;padding-top:7px;\\" class=\\"webix_input_icon wxi-angle-down\\"></span></div>"`;

exports[`PadsList Rendering renders Webix pager 1`] = `"1 to 10 of 13 "`;
